// Jest Snapshot v1, https://goo.gl/fbAQLP

exports[`App should render correctly 1`] = `
ShallowWrapper {
  "length": 1,
  Symbol(enzyme.__root__): [Circular],
  Symbol(enzyme.__unrendered__): <App
    name="button test"
  />,
  Symbol(enzyme.__renderer__): Object {
    "batchedUpdates": [Function],
    "getNode": [Function],
    "render": [Function],
    "simulateEvent": [Function],
    "unmount": [Function],
  },
  Symbol(enzyme.__node__): Object {
    "instance": null,
    "key": undefined,
    "nodeType": "host",
    "props": Object {
      "children": Array [
        <withRouter(Header) />,
        <div
          className="ph3 pv1 background-gray"
        >
          <Switch>
            <Route
              exact={true}
              path="/"
              render={[Function]}
            />
            <Route
              component={[Function]}
              exact={true}
              path="/create"
            />
            <Route
              component={[Function]}
              exact={true}
              path="/login"
            />
            <Route
              component={[Function]}
              exact={true}
              path="/search"
            />
            <Route
              component={[Function]}
              exact={true}
              path="/top"
            />
            <Route
              component={[Function]}
              exact={true}
              path="/report/:id"
            />
            <Route
              component={[Function]}
              exact={true}
              path="/new/:page"
            />
          </Switch>
        </div>,
      ],
      "className": "center w85",
    },
    "ref": null,
    "rendered": Array [
      Object {
        "instance": null,
        "key": undefined,
        "nodeType": "function",
        "props": Object {},
        "ref": null,
        "rendered": null,
        "type": [Function],
      },
      Object {
        "instance": null,
        "key": undefined,
        "nodeType": "host",
        "props": Object {
          "children": <Switch>
            <Route
              exact={true}
              path="/"
              render={[Function]}
            />
            <Route
              component={[Function]}
              exact={true}
              path="/create"
            />
            <Route
              component={[Function]}
              exact={true}
              path="/login"
            />
            <Route
              component={[Function]}
              exact={true}
              path="/search"
            />
            <Route
              component={[Function]}
              exact={true}
              path="/top"
            />
            <Route
              component={[Function]}
              exact={true}
              path="/report/:id"
            />
            <Route
              component={[Function]}
              exact={true}
              path="/new/:page"
            />
          </Switch>,
          "className": "ph3 pv1 background-gray",
        },
        "ref": null,
        "rendered": Object {
          "instance": null,
          "key": undefined,
          "nodeType": "class",
          "props": Object {
            "children": Array [
              <Route
                exact={true}
                path="/"
                render={[Function]}
              />,
              <Route
                component={[Function]}
                exact={true}
                path="/create"
              />,
              <Route
                component={[Function]}
                exact={true}
                path="/login"
              />,
              <Route
                component={[Function]}
                exact={true}
                path="/search"
              />,
              <Route
                component={[Function]}
                exact={true}
                path="/top"
              />,
              <Route
                component={[Function]}
                exact={true}
                path="/report/:id"
              />,
              <Route
                component={[Function]}
                exact={true}
                path="/new/:page"
              />,
            ],
          },
          "ref": null,
          "rendered": Array [
            Object {
              "instance": null,
              "key": undefined,
              "nodeType": "class",
              "props": Object {
                "exact": true,
                "path": "/",
                "render": [Function],
              },
              "ref": null,
              "rendered": null,
              "type": [Function],
            },
            Object {
              "instance": null,
              "key": undefined,
              "nodeType": "class",
              "props": Object {
                "component": [Function],
                "exact": true,
                "path": "/create",
              },
              "ref": null,
              "rendered": null,
              "type": [Function],
            },
            Object {
              "instance": null,
              "key": undefined,
              "nodeType": "class",
              "props": Object {
                "component": [Function],
                "exact": true,
                "path": "/login",
              },
              "ref": null,
              "rendered": null,
              "type": [Function],
            },
            Object {
              "instance": null,
              "key": undefined,
              "nodeType": "class",
              "props": Object {
                "component": [Function],
                "exact": true,
                "path": "/search",
              },
              "ref": null,
              "rendered": null,
              "type": [Function],
            },
            Object {
              "instance": null,
              "key": undefined,
              "nodeType": "class",
              "props": Object {
                "component": [Function],
                "exact": true,
                "path": "/top",
              },
              "ref": null,
              "rendered": null,
              "type": [Function],
            },
            Object {
              "instance": null,
              "key": undefined,
              "nodeType": "class",
              "props": Object {
                "component": [Function],
                "exact": true,
                "path": "/report/:id",
              },
              "ref": null,
              "rendered": null,
              "type": [Function],
            },
            Object {
              "instance": null,
              "key": undefined,
              "nodeType": "class",
              "props": Object {
                "component": [Function],
                "exact": true,
                "path": "/new/:page",
              },
              "ref": null,
              "rendered": null,
              "type": [Function],
            },
          ],
          "type": [Function],
        },
        "type": "div",
      },
    ],
    "type": "div",
  },
  Symbol(enzyme.__nodes__): Array [
    Object {
      "instance": null,
      "key": undefined,
      "nodeType": "host",
      "props": Object {
        "children": Array [
          <withRouter(Header) />,
          <div
            className="ph3 pv1 background-gray"
          >
            <Switch>
              <Route
                exact={true}
                path="/"
                render={[Function]}
              />
              <Route
                component={[Function]}
                exact={true}
                path="/create"
              />
              <Route
                component={[Function]}
                exact={true}
                path="/login"
              />
              <Route
                component={[Function]}
                exact={true}
                path="/search"
              />
              <Route
                component={[Function]}
                exact={true}
                path="/top"
              />
              <Route
                component={[Function]}
                exact={true}
                path="/report/:id"
              />
              <Route
                component={[Function]}
                exact={true}
                path="/new/:page"
              />
            </Switch>
          </div>,
        ],
        "className": "center w85",
      },
      "ref": null,
      "rendered": Array [
        Object {
          "instance": null,
          "key": undefined,
          "nodeType": "function",
          "props": Object {},
          "ref": null,
          "rendered": null,
          "type": [Function],
        },
        Object {
          "instance": null,
          "key": undefined,
          "nodeType": "host",
          "props": Object {
            "children": <Switch>
              <Route
                exact={true}
                path="/"
                render={[Function]}
              />
              <Route
                component={[Function]}
                exact={true}
                path="/create"
              />
              <Route
                component={[Function]}
                exact={true}
                path="/login"
              />
              <Route
                component={[Function]}
                exact={true}
                path="/search"
              />
              <Route
                component={[Function]}
                exact={true}
                path="/top"
              />
              <Route
                component={[Function]}
                exact={true}
                path="/report/:id"
              />
              <Route
                component={[Function]}
                exact={true}
                path="/new/:page"
              />
            </Switch>,
            "className": "ph3 pv1 background-gray",
          },
          "ref": null,
          "rendered": Object {
            "instance": null,
            "key": undefined,
            "nodeType": "class",
            "props": Object {
              "children": Array [
                <Route
                  exact={true}
                  path="/"
                  render={[Function]}
                />,
                <Route
                  component={[Function]}
                  exact={true}
                  path="/create"
                />,
                <Route
                  component={[Function]}
                  exact={true}
                  path="/login"
                />,
                <Route
                  component={[Function]}
                  exact={true}
                  path="/search"
                />,
                <Route
                  component={[Function]}
                  exact={true}
                  path="/top"
                />,
                <Route
                  component={[Function]}
                  exact={true}
                  path="/report/:id"
                />,
                <Route
                  component={[Function]}
                  exact={true}
                  path="/new/:page"
                />,
              ],
            },
            "ref": null,
            "rendered": Array [
              Object {
                "instance": null,
                "key": undefined,
                "nodeType": "class",
                "props": Object {
                  "exact": true,
                  "path": "/",
                  "render": [Function],
                },
                "ref": null,
                "rendered": null,
                "type": [Function],
              },
              Object {
                "instance": null,
                "key": undefined,
                "nodeType": "class",
                "props": Object {
                  "component": [Function],
                  "exact": true,
                  "path": "/create",
                },
                "ref": null,
                "rendered": null,
                "type": [Function],
              },
              Object {
                "instance": null,
                "key": undefined,
                "nodeType": "class",
                "props": Object {
                  "component": [Function],
                  "exact": true,
                  "path": "/login",
                },
                "ref": null,
                "rendered": null,
                "type": [Function],
              },
              Object {
                "instance": null,
                "key": undefined,
                "nodeType": "class",
                "props": Object {
                  "component": [Function],
                  "exact": true,
                  "path": "/search",
                },
                "ref": null,
                "rendered": null,
                "type": [Function],
              },
              Object {
                "instance": null,
                "key": undefined,
                "nodeType": "class",
                "props": Object {
                  "component": [Function],
                  "exact": true,
                  "path": "/top",
                },
                "ref": null,
                "rendered": null,
                "type": [Function],
              },
              Object {
                "instance": null,
                "key": undefined,
                "nodeType": "class",
                "props": Object {
                  "component": [Function],
                  "exact": true,
                  "path": "/report/:id",
                },
                "ref": null,
                "rendered": null,
                "type": [Function],
              },
              Object {
                "instance": null,
                "key": undefined,
                "nodeType": "class",
                "props": Object {
                  "component": [Function],
                  "exact": true,
                  "path": "/new/:page",
                },
                "ref": null,
                "rendered": null,
                "type": [Function],
              },
            ],
            "type": [Function],
          },
          "type": "div",
        },
      ],
      "type": "div",
    },
  ],
  Symbol(enzyme.__options__): Object {
    "adapter": ReactSixteenAdapter {
      "options": Object {
        "enableComponentDidUpdateOnSetState": true,
      },
    },
  },
}
`;

exports[`Route should render correctly 1`] = `
ShallowWrapper {
  "length": 1,
  Symbol(enzyme.__root__): [Circular],
  Symbol(enzyme.__unrendered__): <App
    name="button test"
  />,
  Symbol(enzyme.__renderer__): Object {
    "batchedUpdates": [Function],
    "getNode": [Function],
    "render": [Function],
    "simulateEvent": [Function],
    "unmount": [Function],
  },
  Symbol(enzyme.__node__): Object {
    "instance": null,
    "key": undefined,
    "nodeType": "host",
    "props": Object {
      "children": Array [
        <withRouter(Header) />,
        <div
          className="ph3 pv1 background-gray"
        >
          <Switch>
            <Route
              exact={true}
              path="/"
              render={[Function]}
            />
            <Route
              component={[Function]}
              exact={true}
              path="/create"
            />
            <Route
              component={[Function]}
              exact={true}
              path="/login"
            />
            <Route
              component={[Function]}
              exact={true}
              path="/search"
            />
            <Route
              component={[Function]}
              exact={true}
              path="/top"
            />
            <Route
              component={[Function]}
              exact={true}
              path="/report/:id"
            />
            <Route
              component={[Function]}
              exact={true}
              path="/new/:page"
            />
          </Switch>
        </div>,
      ],
      "className": "center w85",
    },
    "ref": null,
    "rendered": Array [
      Object {
        "instance": null,
        "key": undefined,
        "nodeType": "function",
        "props": Object {},
        "ref": null,
        "rendered": null,
        "type": [Function],
      },
      Object {
        "instance": null,
        "key": undefined,
        "nodeType": "host",
        "props": Object {
          "children": <Switch>
            <Route
              exact={true}
              path="/"
              render={[Function]}
            />
            <Route
              component={[Function]}
              exact={true}
              path="/create"
            />
            <Route
              component={[Function]}
              exact={true}
              path="/login"
            />
            <Route
              component={[Function]}
              exact={true}
              path="/search"
            />
            <Route
              component={[Function]}
              exact={true}
              path="/top"
            />
            <Route
              component={[Function]}
              exact={true}
              path="/report/:id"
            />
            <Route
              component={[Function]}
              exact={true}
              path="/new/:page"
            />
          </Switch>,
          "className": "ph3 pv1 background-gray",
        },
        "ref": null,
        "rendered": Object {
          "instance": null,
          "key": undefined,
          "nodeType": "class",
          "props": Object {
            "children": Array [
              <Route
                exact={true}
                path="/"
                render={[Function]}
              />,
              <Route
                component={[Function]}
                exact={true}
                path="/create"
              />,
              <Route
                component={[Function]}
                exact={true}
                path="/login"
              />,
              <Route
                component={[Function]}
                exact={true}
                path="/search"
              />,
              <Route
                component={[Function]}
                exact={true}
                path="/top"
              />,
              <Route
                component={[Function]}
                exact={true}
                path="/report/:id"
              />,
              <Route
                component={[Function]}
                exact={true}
                path="/new/:page"
              />,
            ],
          },
          "ref": null,
          "rendered": Array [
            Object {
              "instance": null,
              "key": undefined,
              "nodeType": "class",
              "props": Object {
                "exact": true,
                "path": "/",
                "render": [Function],
              },
              "ref": null,
              "rendered": null,
              "type": [Function],
            },
            Object {
              "instance": null,
              "key": undefined,
              "nodeType": "class",
              "props": Object {
                "component": [Function],
                "exact": true,
                "path": "/create",
              },
              "ref": null,
              "rendered": null,
              "type": [Function],
            },
            Object {
              "instance": null,
              "key": undefined,
              "nodeType": "class",
              "props": Object {
                "component": [Function],
                "exact": true,
                "path": "/login",
              },
              "ref": null,
              "rendered": null,
              "type": [Function],
            },
            Object {
              "instance": null,
              "key": undefined,
              "nodeType": "class",
              "props": Object {
                "component": [Function],
                "exact": true,
                "path": "/search",
              },
              "ref": null,
              "rendered": null,
              "type": [Function],
            },
            Object {
              "instance": null,
              "key": undefined,
              "nodeType": "class",
              "props": Object {
                "component": [Function],
                "exact": true,
                "path": "/top",
              },
              "ref": null,
              "rendered": null,
              "type": [Function],
            },
            Object {
              "instance": null,
              "key": undefined,
              "nodeType": "class",
              "props": Object {
                "component": [Function],
                "exact": true,
                "path": "/report/:id",
              },
              "ref": null,
              "rendered": null,
              "type": [Function],
            },
            Object {
              "instance": null,
              "key": undefined,
              "nodeType": "class",
              "props": Object {
                "component": [Function],
                "exact": true,
                "path": "/new/:page",
              },
              "ref": null,
              "rendered": null,
              "type": [Function],
            },
          ],
          "type": [Function],
        },
        "type": "div",
      },
    ],
    "type": "div",
  },
  Symbol(enzyme.__nodes__): Array [
    Object {
      "instance": null,
      "key": undefined,
      "nodeType": "host",
      "props": Object {
        "children": Array [
          <withRouter(Header) />,
          <div
            className="ph3 pv1 background-gray"
          >
            <Switch>
              <Route
                exact={true}
                path="/"
                render={[Function]}
              />
              <Route
                component={[Function]}
                exact={true}
                path="/create"
              />
              <Route
                component={[Function]}
                exact={true}
                path="/login"
              />
              <Route
                component={[Function]}
                exact={true}
                path="/search"
              />
              <Route
                component={[Function]}
                exact={true}
                path="/top"
              />
              <Route
                component={[Function]}
                exact={true}
                path="/report/:id"
              />
              <Route
                component={[Function]}
                exact={true}
                path="/new/:page"
              />
            </Switch>
          </div>,
        ],
        "className": "center w85",
      },
      "ref": null,
      "rendered": Array [
        Object {
          "instance": null,
          "key": undefined,
          "nodeType": "function",
          "props": Object {},
          "ref": null,
          "rendered": null,
          "type": [Function],
        },
        Object {
          "instance": null,
          "key": undefined,
          "nodeType": "host",
          "props": Object {
            "children": <Switch>
              <Route
                exact={true}
                path="/"
                render={[Function]}
              />
              <Route
                component={[Function]}
                exact={true}
                path="/create"
              />
              <Route
                component={[Function]}
                exact={true}
                path="/login"
              />
              <Route
                component={[Function]}
                exact={true}
                path="/search"
              />
              <Route
                component={[Function]}
                exact={true}
                path="/top"
              />
              <Route
                component={[Function]}
                exact={true}
                path="/report/:id"
              />
              <Route
                component={[Function]}
                exact={true}
                path="/new/:page"
              />
            </Switch>,
            "className": "ph3 pv1 background-gray",
          },
          "ref": null,
          "rendered": Object {
            "instance": null,
            "key": undefined,
            "nodeType": "class",
            "props": Object {
              "children": Array [
                <Route
                  exact={true}
                  path="/"
                  render={[Function]}
                />,
                <Route
                  component={[Function]}
                  exact={true}
                  path="/create"
                />,
                <Route
                  component={[Function]}
                  exact={true}
                  path="/login"
                />,
                <Route
                  component={[Function]}
                  exact={true}
                  path="/search"
                />,
                <Route
                  component={[Function]}
                  exact={true}
                  path="/top"
                />,
                <Route
                  component={[Function]}
                  exact={true}
                  path="/report/:id"
                />,
                <Route
                  component={[Function]}
                  exact={true}
                  path="/new/:page"
                />,
              ],
            },
            "ref": null,
            "rendered": Array [
              Object {
                "instance": null,
                "key": undefined,
                "nodeType": "class",
                "props": Object {
                  "exact": true,
                  "path": "/",
                  "render": [Function],
                },
                "ref": null,
                "rendered": null,
                "type": [Function],
              },
              Object {
                "instance": null,
                "key": undefined,
                "nodeType": "class",
                "props": Object {
                  "component": [Function],
                  "exact": true,
                  "path": "/create",
                },
                "ref": null,
                "rendered": null,
                "type": [Function],
              },
              Object {
                "instance": null,
                "key": undefined,
                "nodeType": "class",
                "props": Object {
                  "component": [Function],
                  "exact": true,
                  "path": "/login",
                },
                "ref": null,
                "rendered": null,
                "type": [Function],
              },
              Object {
                "instance": null,
                "key": undefined,
                "nodeType": "class",
                "props": Object {
                  "component": [Function],
                  "exact": true,
                  "path": "/search",
                },
                "ref": null,
                "rendered": null,
                "type": [Function],
              },
              Object {
                "instance": null,
                "key": undefined,
                "nodeType": "class",
                "props": Object {
                  "component": [Function],
                  "exact": true,
                  "path": "/top",
                },
                "ref": null,
                "rendered": null,
                "type": [Function],
              },
              Object {
                "instance": null,
                "key": undefined,
                "nodeType": "class",
                "props": Object {
                  "component": [Function],
                  "exact": true,
                  "path": "/report/:id",
                },
                "ref": null,
                "rendered": null,
                "type": [Function],
              },
              Object {
                "instance": null,
                "key": undefined,
                "nodeType": "class",
                "props": Object {
                  "component": [Function],
                  "exact": true,
                  "path": "/new/:page",
                },
                "ref": null,
                "rendered": null,
                "type": [Function],
              },
            ],
            "type": [Function],
          },
          "type": "div",
        },
      ],
      "type": "div",
    },
  ],
  Symbol(enzyme.__options__): Object {
    "adapter": ReactSixteenAdapter {
      "options": Object {
        "enableComponentDidUpdateOnSetState": true,
      },
    },
  },
}
`;
